Archive member included to satisfy reference by file (symbol)

c:/st/stm32cubeide_1.11.0/stm32cubeide/plugins/com.st.stm32cube.ide.mcu.externaltools.gnu-tools-for-stm32.10.3-2021.10.win32_1.0.100.202210260954/tools/bin/../lib/gcc/arm-none-eabi/10.3.1/../../../../arm-none-eabi/lib/thumb/v7e-m/nofp\libc_nano.a(lib_a-exit.o)
                              c:/st/stm32cubeide_1.11.0/stm32cubeide/plugins/com.st.stm32cube.ide.mcu.externaltools.gnu-tools-for-stm32.10.3-2021.10.win32_1.0.100.202210260954/tools/bin/../lib/gcc/arm-none-eabi/10.3.1/../../../../arm-none-eabi/lib/thumb/v7e-m/nofp/crt0.o (exit)
c:/st/stm32cubeide_1.11.0/stm32cubeide/plugins/com.st.stm32cube.ide.mcu.externaltools.gnu-tools-for-stm32.10.3-2021.10.win32_1.0.100.202210260954/tools/bin/../lib/gcc/arm-none-eabi/10.3.1/../../../../arm-none-eabi/lib/thumb/v7e-m/nofp\libc_nano.a(lib_a-impure.o)
                              c:/st/stm32cubeide_1.11.0/stm32cubeide/plugins/com.st.stm32cube.ide.mcu.externaltools.gnu-tools-for-stm32.10.3-2021.10.win32_1.0.100.202210260954/tools/bin/../lib/gcc/arm-none-eabi/10.3.1/../../../../arm-none-eabi/lib/thumb/v7e-m/nofp\libc_nano.a(lib_a-exit.o) (_global_impure_ptr)
c:/st/stm32cubeide_1.11.0/stm32cubeide/plugins/com.st.stm32cube.ide.mcu.externaltools.gnu-tools-for-stm32.10.3-2021.10.win32_1.0.100.202210260954/tools/bin/../lib/gcc/arm-none-eabi/10.3.1/../../../../arm-none-eabi/lib/thumb/v7e-m/nofp\libc_nano.a(lib_a-init.o)
                              c:/st/stm32cubeide_1.11.0/stm32cubeide/plugins/com.st.stm32cube.ide.mcu.externaltools.gnu-tools-for-stm32.10.3-2021.10.win32_1.0.100.202210260954/tools/bin/../lib/gcc/arm-none-eabi/10.3.1/../../../../arm-none-eabi/lib/thumb/v7e-m/nofp/crt0.o (__libc_init_array)
c:/st/stm32cubeide_1.11.0/stm32cubeide/plugins/com.st.stm32cube.ide.mcu.externaltools.gnu-tools-for-stm32.10.3-2021.10.win32_1.0.100.202210260954/tools/bin/../lib/gcc/arm-none-eabi/10.3.1/../../../../arm-none-eabi/lib/thumb/v7e-m/nofp\libc_nano.a(lib_a-memset.o)
                              c:/st/stm32cubeide_1.11.0/stm32cubeide/plugins/com.st.stm32cube.ide.mcu.externaltools.gnu-tools-for-stm32.10.3-2021.10.win32_1.0.100.202210260954/tools/bin/../lib/gcc/arm-none-eabi/10.3.1/../../../../arm-none-eabi/lib/thumb/v7e-m/nofp/crt0.o (memset)
c:/st/stm32cubeide_1.11.0/stm32cubeide/plugins/com.st.stm32cube.ide.mcu.externaltools.gnu-tools-for-stm32.10.3-2021.10.win32_1.0.100.202210260954/tools/bin/../lib/gcc/arm-none-eabi/10.3.1/../../../../arm-none-eabi/lib/thumb/v7e-m/nofp\libnosys.a(_exit.o)
                              c:/st/stm32cubeide_1.11.0/stm32cubeide/plugins/com.st.stm32cube.ide.mcu.externaltools.gnu-tools-for-stm32.10.3-2021.10.win32_1.0.100.202210260954/tools/bin/../lib/gcc/arm-none-eabi/10.3.1/../../../../arm-none-eabi/lib/thumb/v7e-m/nofp\libc_nano.a(lib_a-exit.o) (_exit)

Discarded input sections

 .text          0x0000000000000000        0x0 c:/st/stm32cubeide_1.11.0/stm32cubeide/plugins/com.st.stm32cube.ide.mcu.externaltools.gnu-tools-for-stm32.10.3-2021.10.win32_1.0.100.202210260954/tools/bin/../lib/gcc/arm-none-eabi/10.3.1/thumb/v7e-m/nofp/crti.o
 .data          0x0000000000000000        0x0 c:/st/stm32cubeide_1.11.0/stm32cubeide/plugins/com.st.stm32cube.ide.mcu.externaltools.gnu-tools-for-stm32.10.3-2021.10.win32_1.0.100.202210260954/tools/bin/../lib/gcc/arm-none-eabi/10.3.1/thumb/v7e-m/nofp/crti.o
 .bss           0x0000000000000000        0x0 c:/st/stm32cubeide_1.11.0/stm32cubeide/plugins/com.st.stm32cube.ide.mcu.externaltools.gnu-tools-for-stm32.10.3-2021.10.win32_1.0.100.202210260954/tools/bin/../lib/gcc/arm-none-eabi/10.3.1/thumb/v7e-m/nofp/crti.o
 .data          0x0000000000000000        0x4 c:/st/stm32cubeide_1.11.0/stm32cubeide/plugins/com.st.stm32cube.ide.mcu.externaltools.gnu-tools-for-stm32.10.3-2021.10.win32_1.0.100.202210260954/tools/bin/../lib/gcc/arm-none-eabi/10.3.1/thumb/v7e-m/nofp/crtbegin.o
 .rodata        0x0000000000000000       0x24 c:/st/stm32cubeide_1.11.0/stm32cubeide/plugins/com.st.stm32cube.ide.mcu.externaltools.gnu-tools-for-stm32.10.3-2021.10.win32_1.0.100.202210260954/tools/bin/../lib/gcc/arm-none-eabi/10.3.1/thumb/v7e-m/nofp/crtbegin.o
 .text          0x0000000000000000       0x7c c:/st/stm32cubeide_1.11.0/stm32cubeide/plugins/com.st.stm32cube.ide.mcu.externaltools.gnu-tools-for-stm32.10.3-2021.10.win32_1.0.100.202210260954/tools/bin/../lib/gcc/arm-none-eabi/10.3.1/../../../../arm-none-eabi/lib/thumb/v7e-m/nofp/crt0.o
 .data          0x0000000000000000        0x0 c:/st/stm32cubeide_1.11.0/stm32cubeide/plugins/com.st.stm32cube.ide.mcu.externaltools.gnu-tools-for-stm32.10.3-2021.10.win32_1.0.100.202210260954/tools/bin/../lib/gcc/arm-none-eabi/10.3.1/../../../../arm-none-eabi/lib/thumb/v7e-m/nofp/crt0.o
 .bss           0x0000000000000000        0x0 c:/st/stm32cubeide_1.11.0/stm32cubeide/plugins/com.st.stm32cube.ide.mcu.externaltools.gnu-tools-for-stm32.10.3-2021.10.win32_1.0.100.202210260954/tools/bin/../lib/gcc/arm-none-eabi/10.3.1/../../../../arm-none-eabi/lib/thumb/v7e-m/nofp/crt0.o
 .ARM.extab     0x0000000000000000        0x0 c:/st/stm32cubeide_1.11.0/stm32cubeide/plugins/com.st.stm32cube.ide.mcu.externaltools.gnu-tools-for-stm32.10.3-2021.10.win32_1.0.100.202210260954/tools/bin/../lib/gcc/arm-none-eabi/10.3.1/../../../../arm-none-eabi/lib/thumb/v7e-m/nofp/crt0.o
 .ARM.exidx     0x0000000000000000       0x10 c:/st/stm32cubeide_1.11.0/stm32cubeide/plugins/com.st.stm32cube.ide.mcu.externaltools.gnu-tools-for-stm32.10.3-2021.10.win32_1.0.100.202210260954/tools/bin/../lib/gcc/arm-none-eabi/10.3.1/../../../../arm-none-eabi/lib/thumb/v7e-m/nofp/crt0.o
 .ARM.attributes
                0x0000000000000000       0x1c c:/st/stm32cubeide_1.11.0/stm32cubeide/plugins/com.st.stm32cube.ide.mcu.externaltools.gnu-tools-for-stm32.10.3-2021.10.win32_1.0.100.202210260954/tools/bin/../lib/gcc/arm-none-eabi/10.3.1/../../../../arm-none-eabi/lib/thumb/v7e-m/nofp/crt0.o
 .group         0x0000000000000000        0xc ./Drivers/Src/stm32f446xx_crc.o
 .group         0x0000000000000000        0xc ./Drivers/Src/stm32f446xx_crc.o
 .group         0x0000000000000000        0xc ./Drivers/Src/stm32f446xx_crc.o
 .group         0x0000000000000000        0xc ./Drivers/Src/stm32f446xx_crc.o
 .group         0x0000000000000000        0xc ./Drivers/Src/stm32f446xx_crc.o
 .group         0x0000000000000000        0xc ./Drivers/Src/stm32f446xx_crc.o
 .group         0x0000000000000000        0xc ./Drivers/Src/stm32f446xx_crc.o
 .group         0x0000000000000000        0xc ./Drivers/Src/stm32f446xx_crc.o
 .group         0x0000000000000000        0xc ./Drivers/Src/stm32f446xx_crc.o
 .text          0x0000000000000000        0x0 ./Drivers/Src/stm32f446xx_crc.o
 .data          0x0000000000000000        0x0 ./Drivers/Src/stm32f446xx_crc.o
 .bss           0x0000000000000000        0x0 ./Drivers/Src/stm32f446xx_crc.o
 .text.ConfigureDataRegister
                0x0000000000000000       0x3e ./Drivers/Src/stm32f446xx_crc.o
 .text.ConfigureIndDataRegisterControlReg
                0x0000000000000000       0x5a ./Drivers/Src/stm32f446xx_crc.o
 .debug_info    0x0000000000000000      0x152 ./Drivers/Src/stm32f446xx_crc.o
 .debug_abbrev  0x0000000000000000       0xc4 ./Drivers/Src/stm32f446xx_crc.o
 .debug_aranges
                0x0000000000000000       0x28 ./Drivers/Src/stm32f446xx_crc.o
 .debug_ranges  0x0000000000000000       0x18 ./Drivers/Src/stm32f446xx_crc.o
 .debug_macro   0x0000000000000000       0x81 ./Drivers/Src/stm32f446xx_crc.o
 .debug_macro   0x0000000000000000      0xa72 ./Drivers/Src/stm32f446xx_crc.o
 .debug_macro   0x0000000000000000       0x22 ./Drivers/Src/stm32f446xx_crc.o
 .debug_macro   0x0000000000000000       0x8e ./Drivers/Src/stm32f446xx_crc.o
 .debug_macro   0x0000000000000000       0x51 ./Drivers/Src/stm32f446xx_crc.o
 .debug_macro   0x0000000000000000      0x103 ./Drivers/Src/stm32f446xx_crc.o
 .debug_macro   0x0000000000000000       0x6a ./Drivers/Src/stm32f446xx_crc.o
 .debug_macro   0x0000000000000000      0x1df ./Drivers/Src/stm32f446xx_crc.o
 .debug_macro   0x0000000000000000      0x82d ./Drivers/Src/stm32f446xx_crc.o
 .debug_macro   0x0000000000000000       0x22 ./Drivers/Src/stm32f446xx_crc.o
 .debug_line    0x0000000000000000      0x45c ./Drivers/Src/stm32f446xx_crc.o
 .debug_str     0x0000000000000000     0x63c6 ./Drivers/Src/stm32f446xx_crc.o
 .comment       0x0000000000000000       0x51 ./Drivers/Src/stm32f446xx_crc.o
 .debug_frame   0x0000000000000000       0x60 ./Drivers/Src/stm32f446xx_crc.o
 .ARM.attributes
                0x0000000000000000       0x2e ./Drivers/Src/stm32f446xx_crc.o
 .group         0x0000000000000000        0xc ./Drivers/Src/stm32f446xx_gpio.o
 .group         0x0000000000000000        0xc ./Drivers/Src/stm32f446xx_gpio.o
 .group         0x0000000000000000        0xc ./Drivers/Src/stm32f446xx_gpio.o
 .group         0x0000000000000000        0xc ./Drivers/Src/stm32f446xx_gpio.o
 .group         0x0000000000000000        0xc ./Drivers/Src/stm32f446xx_gpio.o
 .group         0x0000000000000000        0xc ./Drivers/Src/stm32f446xx_gpio.o
 .group         0x0000000000000000        0xc ./Drivers/Src/stm32f446xx_gpio.o
 .group         0x0000000000000000        0xc ./Drivers/Src/stm32f446xx_gpio.o
 .text          0x0000000000000000        0x0 ./Drivers/Src/stm32f446xx_gpio.o
 .data          0x0000000000000000        0x0 ./Drivers/Src/stm32f446xx_gpio.o
 .bss           0x0000000000000000        0x0 ./Drivers/Src/stm32f446xx_gpio.o
 .text.GPIO_DeInit
                0x0000000000000000      0x144 ./Drivers/Src/stm32f446xx_gpio.o
 .text.GPIO_ReadPin
                0x0000000000000000       0x28 ./Drivers/Src/stm32f446xx_gpio.o
 .text.GPIO_ReadPort
                0x0000000000000000       0x18 ./Drivers/Src/stm32f446xx_gpio.o
 .text.GPIO_WritePort
                0x0000000000000000       0x1c ./Drivers/Src/stm32f446xx_gpio.o
 .text.GPIO_NVIC_IRQ_Disable
                0x0000000000000000       0x78 ./Drivers/Src/stm32f446xx_gpio.o
 .text.GPIO_NVIC_Priority
                0x0000000000000000       0x5e ./Drivers/Src/stm32f446xx_gpio.o
 .debug_macro   0x0000000000000000      0xa72 ./Drivers/Src/stm32f446xx_gpio.o
 .debug_macro   0x0000000000000000       0x22 ./Drivers/Src/stm32f446xx_gpio.o
 .debug_macro   0x0000000000000000       0x8e ./Drivers/Src/stm32f446xx_gpio.o
 .debug_macro   0x0000000000000000       0x51 ./Drivers/Src/stm32f446xx_gpio.o
 .debug_macro   0x0000000000000000      0x103 ./Drivers/Src/stm32f446xx_gpio.o
 .debug_macro   0x0000000000000000       0x6a ./Drivers/Src/stm32f446xx_gpio.o
 .debug_macro   0x0000000000000000      0x1df ./Drivers/Src/stm32f446xx_gpio.o
 .debug_macro   0x0000000000000000      0x82d ./Drivers/Src/stm32f446xx_gpio.o
 .group         0x0000000000000000        0xc ./Drivers/Src/stm32f446xx_interrp.o
 .group         0x0000000000000000        0xc ./Drivers/Src/stm32f446xx_interrp.o
 .group         0x0000000000000000        0xc ./Drivers/Src/stm32f446xx_interrp.o
 .group         0x0000000000000000        0xc ./Drivers/Src/stm32f446xx_interrp.o
 .group         0x0000000000000000        0xc ./Drivers/Src/stm32f446xx_interrp.o
 .group         0x0000000000000000        0xc ./Drivers/Src/stm32f446xx_interrp.o
 .group         0x0000000000000000        0xc ./Drivers/Src/stm32f446xx_interrp.o
 .group         0x0000000000000000        0xc ./Drivers/Src/stm32f446xx_interrp.o
 .text          0x0000000000000000        0x0 ./Drivers/Src/stm32f446xx_interrp.o
 .data          0x0000000000000000        0x0 ./Drivers/Src/stm32f446xx_interrp.o
 .bss           0x0000000000000000        0x0 ./Drivers/Src/stm32f446xx_interrp.o
 .text.SystemConfigurationController
                0x0000000000000000       0xa4 ./Drivers/Src/stm32f446xx_interrp.o
 .debug_info    0x0000000000000000      0x34d ./Drivers/Src/stm32f446xx_interrp.o
 .debug_abbrev  0x0000000000000000       0xe9 ./Drivers/Src/stm32f446xx_interrp.o
 .debug_aranges
                0x0000000000000000       0x20 ./Drivers/Src/stm32f446xx_interrp.o
 .debug_ranges  0x0000000000000000       0x10 ./Drivers/Src/stm32f446xx_interrp.o
 .debug_macro   0x0000000000000000       0x7c ./Drivers/Src/stm32f446xx_interrp.o
 .debug_macro   0x0000000000000000      0xa72 ./Drivers/Src/stm32f446xx_interrp.o
 .debug_macro   0x0000000000000000       0x22 ./Drivers/Src/stm32f446xx_interrp.o
 .debug_macro   0x0000000000000000       0x8e ./Drivers/Src/stm32f446xx_interrp.o
 .debug_macro   0x0000000000000000       0x51 ./Drivers/Src/stm32f446xx_interrp.o
 .debug_macro   0x0000000000000000      0x103 ./Drivers/Src/stm32f446xx_interrp.o
 .debug_macro   0x0000000000000000       0x6a ./Drivers/Src/stm32f446xx_interrp.o
 .debug_macro   0x0000000000000000      0x1df ./Drivers/Src/stm32f446xx_interrp.o
 .debug_macro   0x0000000000000000      0x82d ./Drivers/Src/stm32f446xx_interrp.o
 .debug_line    0x0000000000000000      0x439 ./Drivers/Src/stm32f446xx_interrp.o
 .debug_str     0x0000000000000000     0x64b9 ./Drivers/Src/stm32f446xx_interrp.o
 .comment       0x0000000000000000       0x51 ./Drivers/Src/stm32f446xx_interrp.o
 .debug_frame   0x0000000000000000       0x38 ./Drivers/Src/stm32f446xx_interrp.o
 .ARM.attributes
                0x0000000000000000       0x2e ./Drivers/Src/stm32f446xx_interrp.o
 .group         0x0000000000000000        0xc ./Src/experimentCRC.o
 .group         0x0000000000000000        0xc ./Src/experimentCRC.o
 .group         0x0000000000000000        0xc ./Src/experimentCRC.o
 .group         0x0000000000000000        0xc ./Src/experimentCRC.o
 .group         0x0000000000000000        0xc ./Src/experimentCRC.o
 .group         0x0000000000000000        0xc ./Src/experimentCRC.o
 .group         0x0000000000000000        0xc ./Src/experimentCRC.o
 .group         0x0000000000000000        0xc ./Src/experimentCRC.o
 .group         0x0000000000000000        0xc ./Src/experimentCRC.o
 .text          0x0000000000000000        0x0 ./Src/experimentCRC.o
 .data          0x0000000000000000        0x0 ./Src/experimentCRC.o
 .bss           0x0000000000000000        0x0 ./Src/experimentCRC.o
 .debug_macro   0x0000000000000000      0xa72 ./Src/experimentCRC.o
 .debug_macro   0x0000000000000000       0x22 ./Src/experimentCRC.o
 .debug_macro   0x0000000000000000       0x8e ./Src/experimentCRC.o
 .debug_macro   0x0000000000000000       0x51 ./Src/experimentCRC.o
 .debug_macro   0x0000000000000000      0x103 ./Src/experimentCRC.o
 .debug_macro   0x0000000000000000       0x6a ./Src/experimentCRC.o
 .debug_macro   0x0000000000000000      0x1df ./Src/experimentCRC.o
 .debug_macro   0x0000000000000000      0x82d ./Src/experimentCRC.o
 .text          0x0000000000000000       0x14 ./Startup/startup_stm32f446retx.o
 .data          0x0000000000000000        0x0 ./Startup/startup_stm32f446retx.o
 .bss           0x0000000000000000        0x0 ./Startup/startup_stm32f446retx.o
 .text          0x0000000000000000        0x0 c:/st/stm32cubeide_1.11.0/stm32cubeide/plugins/com.st.stm32cube.ide.mcu.externaltools.gnu-tools-for-stm32.10.3-2021.10.win32_1.0.100.202210260954/tools/bin/../lib/gcc/arm-none-eabi/10.3.1/../../../../arm-none-eabi/lib/thumb/v7e-m/nofp\libc_nano.a(lib_a-exit.o)
 .data          0x0000000000000000        0x0 c:/st/stm32cubeide_1.11.0/stm32cubeide/plugins/com.st.stm32cube.ide.mcu.externaltools.gnu-tools-for-stm32.10.3-2021.10.win32_1.0.100.202210260954/tools/bin/../lib/gcc/arm-none-eabi/10.3.1/../../../../arm-none-eabi/lib/thumb/v7e-m/nofp\libc_nano.a(lib_a-exit.o)
 .bss           0x0000000000000000        0x0 c:/st/stm32cubeide_1.11.0/stm32cubeide/plugins/com.st.stm32cube.ide.mcu.externaltools.gnu-tools-for-stm32.10.3-2021.10.win32_1.0.100.202210260954/tools/bin/../lib/gcc/arm-none-eabi/10.3.1/../../../../arm-none-eabi/lib/thumb/v7e-m/nofp\libc_nano.a(lib_a-exit.o)
 .text.exit     0x0000000000000000       0x28 c:/st/stm32cubeide_1.11.0/stm32cubeide/plugins/com.st.stm32cube.ide.mcu.externaltools.gnu-tools-for-stm32.10.3-2021.10.win32_1.0.100.202210260954/tools/bin/../lib/gcc/arm-none-eabi/10.3.1/../../../../arm-none-eabi/lib/thumb/v7e-m/nofp\libc_nano.a(lib_a-exit.o)
 .debug_frame   0x0000000000000000       0x28 c:/st/stm32cubeide_1.11.0/stm32cubeide/plugins/com.st.stm32cube.ide.mcu.externaltools.gnu-tools-for-stm32.10.3-2021.10.win32_1.0.100.202210260954/tools/bin/../lib/gcc/arm-none-eabi/10.3.1/../../../../arm-none-eabi/lib/thumb/v7e-m/nofp\libc_nano.a(lib_a-exit.o)
 .ARM.attributes
                0x0000000000000000       0x2e c:/st/stm32cubeide_1.11.0/stm32cubeide/plugins/com.st.stm32cube.ide.mcu.externaltools.gnu-tools-for-stm32.10.3-2021.10.win32_1.0.100.202210260954/tools/bin/../lib/gcc/arm-none-eabi/10.3.1/../../../../arm-none-eabi/lib/thumb/v7e-m/nofp\libc_nano.a(lib_a-exit.o)
 .text          0x0000000000000000        0x0 c:/st/stm32cubeide_1.11.0/stm32cubeide/plugins/com.st.stm32cube.ide.mcu.externaltools.gnu-tools-for-stm32.10.3-2021.10.win32_1.0.100.202210260954/tools/bin/../lib/gcc/arm-none-eabi/10.3.1/../../../../arm-none-eabi/lib/thumb/v7e-m/nofp\libc_nano.a(lib_a-impure.o)
 .data          0x0000000000000000        0x0 c:/st/stm32cubeide_1.11.0/stm32cubeide/plugins/com.st.stm32cube.ide.mcu.externaltools.gnu-tools-for-stm32.10.3-2021.10.win32_1.0.100.202210260954/tools/bin/../lib/gcc/arm-none-eabi/10.3.1/../../../../arm-none-eabi/lib/thumb/v7e-m/nofp\libc_nano.a(lib_a-impure.o)
 .bss           0x0000000000000000        0x0 c:/st/stm32cubeide_1.11.0/stm32cubeide/plugins/com.st.stm32cube.ide.mcu.externaltools.gnu-tools-for-stm32.10.3-2021.10.win32_1.0.100.202210260954/tools/bin/../lib/gcc/arm-none-eabi/10.3.1/../../../../arm-none-eabi/lib/thumb/v7e-m/nofp\libc_nano.a(lib_a-impure.o)
 .data._impure_ptr
                0x0000000000000000        0x4 c:/st/stm32cubeide_1.11.0/stm32cubeide/plugins/com.st.stm32cube.ide.mcu.externaltools.gnu-tools-for-stm32.10.3-2021.10.win32_1.0.100.202210260954/tools/bin/../lib/gcc/arm-none-eabi/10.3.1/../../../../arm-none-eabi/lib/thumb/v7e-m/nofp\libc_nano.a(lib_a-impure.o)
 .data.impure_data
                0x0000000000000000       0x60 c:/st/stm32cubeide_1.11.0/stm32cubeide/plugins/com.st.stm32cube.ide.mcu.externaltools.gnu-tools-for-stm32.10.3-2021.10.win32_1.0.100.202210260954/tools/bin/../lib/gcc/arm-none-eabi/10.3.1/../../../../arm-none-eabi/lib/thumb/v7e-m/nofp\libc_nano.a(lib_a-impure.o)
 .rodata._global_impure_ptr
                0x0000000000000000        0x4 c:/st/stm32cubeide_1.11.0/stm32cubeide/plugins/com.st.stm32cube.ide.mcu.externaltools.gnu-tools-for-stm32.10.3-2021.10.win32_1.0.100.202210260954/tools/bin/../lib/gcc/arm-none-eabi/10.3.1/../../../../arm-none-eabi/lib/thumb/v7e-m/nofp\libc_nano.a(lib_a-impure.o)
 .ARM.attributes
                0x0000000000000000       0x2e c:/st/stm32cubeide_1.11.0/stm32cubeide/plugins/com.st.stm32cube.ide.mcu.externaltools.gnu-tools-for-stm32.10.3-2021.10.win32_1.0.100.202210260954/tools/bin/../lib/gcc/arm-none-eabi/10.3.1/../../../../arm-none-eabi/lib/thumb/v7e-m/nofp\libc_nano.a(lib_a-impure.o)
 .text          0x0000000000000000        0x0 c:/st/stm32cubeide_1.11.0/stm32cubeide/plugins/com.st.stm32cube.ide.mcu.externaltools.gnu-tools-for-stm32.10.3-2021.10.win32_1.0.100.202210260954/tools/bin/../lib/gcc/arm-none-eabi/10.3.1/../../../../arm-none-eabi/lib/thumb/v7e-m/nofp\libc_nano.a(lib_a-init.o)
 .data          0x0000000000000000        0x0 c:/st/stm32cubeide_1.11.0/stm32cubeide/plugins/com.st.stm32cube.ide.mcu.externaltools.gnu-tools-for-stm32.10.3-2021.10.win32_1.0.100.202210260954/tools/bin/../lib/gcc/arm-none-eabi/10.3.1/../../../../arm-none-eabi/lib/thumb/v7e-m/nofp\libc_nano.a(lib_a-init.o)
 .bss           0x0000000000000000        0x0 c:/st/stm32cubeide_1.11.0/stm32cubeide/plugins/com.st.stm32cube.ide.mcu.externaltools.gnu-tools-for-stm32.10.3-2021.10.win32_1.0.100.202210260954/tools/bin/../lib/gcc/arm-none-eabi/10.3.1/../../../../arm-none-eabi/lib/thumb/v7e-m/nofp\libc_nano.a(lib_a-init.o)
 .text          0x0000000000000000        0x0 c:/st/stm32cubeide_1.11.0/stm32cubeide/plugins/com.st.stm32cube.ide.mcu.externaltools.gnu-tools-for-stm32.10.3-2021.10.win32_1.0.100.202210260954/tools/bin/../lib/gcc/arm-none-eabi/10.3.1/../../../../arm-none-eabi/lib/thumb/v7e-m/nofp\libc_nano.a(lib_a-memset.o)
 .data          0x0000000000000000        0x0 c:/st/stm32cubeide_1.11.0/stm32cubeide/plugins/com.st.stm32cube.ide.mcu.externaltools.gnu-tools-for-stm32.10.3-2021.10.win32_1.0.100.202210260954/tools/bin/../lib/gcc/arm-none-eabi/10.3.1/../../../../arm-none-eabi/lib/thumb/v7e-m/nofp\libc_nano.a(lib_a-memset.o)
 .bss           0x0000000000000000        0x0 c:/st/stm32cubeide_1.11.0/stm32cubeide/plugins/com.st.stm32cube.ide.mcu.externaltools.gnu-tools-for-stm32.10.3-2021.10.win32_1.0.100.202210260954/tools/bin/../lib/gcc/arm-none-eabi/10.3.1/../../../../arm-none-eabi/lib/thumb/v7e-m/nofp\libc_nano.a(lib_a-memset.o)
 .text.memset   0x0000000000000000       0x10 c:/st/stm32cubeide_1.11.0/stm32cubeide/plugins/com.st.stm32cube.ide.mcu.externaltools.gnu-tools-for-stm32.10.3-2021.10.win32_1.0.100.202210260954/tools/bin/../lib/gcc/arm-none-eabi/10.3.1/../../../../arm-none-eabi/lib/thumb/v7e-m/nofp\libc_nano.a(lib_a-memset.o)
 .debug_frame   0x0000000000000000       0x20 c:/st/stm32cubeide_1.11.0/stm32cubeide/plugins/com.st.stm32cube.ide.mcu.externaltools.gnu-tools-for-stm32.10.3-2021.10.win32_1.0.100.202210260954/tools/bin/../lib/gcc/arm-none-eabi/10.3.1/../../../../arm-none-eabi/lib/thumb/v7e-m/nofp\libc_nano.a(lib_a-memset.o)
 .ARM.attributes
                0x0000000000000000       0x2e c:/st/stm32cubeide_1.11.0/stm32cubeide/plugins/com.st.stm32cube.ide.mcu.externaltools.gnu-tools-for-stm32.10.3-2021.10.win32_1.0.100.202210260954/tools/bin/../lib/gcc/arm-none-eabi/10.3.1/../../../../arm-none-eabi/lib/thumb/v7e-m/nofp\libc_nano.a(lib_a-memset.o)
 .text          0x0000000000000000        0x0 c:/st/stm32cubeide_1.11.0/stm32cubeide/plugins/com.st.stm32cube.ide.mcu.externaltools.gnu-tools-for-stm32.10.3-2021.10.win32_1.0.100.202210260954/tools/bin/../lib/gcc/arm-none-eabi/10.3.1/../../../../arm-none-eabi/lib/thumb/v7e-m/nofp\libnosys.a(_exit.o)
 .data          0x0000000000000000        0x0 c:/st/stm32cubeide_1.11.0/stm32cubeide/plugins/com.st.stm32cube.ide.mcu.externaltools.gnu-tools-for-stm32.10.3-2021.10.win32_1.0.100.202210260954/tools/bin/../lib/gcc/arm-none-eabi/10.3.1/../../../../arm-none-eabi/lib/thumb/v7e-m/nofp\libnosys.a(_exit.o)
 .bss           0x0000000000000000        0x0 c:/st/stm32cubeide_1.11.0/stm32cubeide/plugins/com.st.stm32cube.ide.mcu.externaltools.gnu-tools-for-stm32.10.3-2021.10.win32_1.0.100.202210260954/tools/bin/../lib/gcc/arm-none-eabi/10.3.1/../../../../arm-none-eabi/lib/thumb/v7e-m/nofp\libnosys.a(_exit.o)
 .text._exit    0x0000000000000000        0x2 c:/st/stm32cubeide_1.11.0/stm32cubeide/plugins/com.st.stm32cube.ide.mcu.externaltools.gnu-tools-for-stm32.10.3-2021.10.win32_1.0.100.202210260954/tools/bin/../lib/gcc/arm-none-eabi/10.3.1/../../../../arm-none-eabi/lib/thumb/v7e-m/nofp\libnosys.a(_exit.o)
 .debug_frame   0x0000000000000000       0x20 c:/st/stm32cubeide_1.11.0/stm32cubeide/plugins/com.st.stm32cube.ide.mcu.externaltools.gnu-tools-for-stm32.10.3-2021.10.win32_1.0.100.202210260954/tools/bin/../lib/gcc/arm-none-eabi/10.3.1/../../../../arm-none-eabi/lib/thumb/v7e-m/nofp\libnosys.a(_exit.o)
 .ARM.attributes
                0x0000000000000000       0x2e c:/st/stm32cubeide_1.11.0/stm32cubeide/plugins/com.st.stm32cube.ide.mcu.externaltools.gnu-tools-for-stm32.10.3-2021.10.win32_1.0.100.202210260954/tools/bin/../lib/gcc/arm-none-eabi/10.3.1/../../../../arm-none-eabi/lib/thumb/v7e-m/nofp\libnosys.a(_exit.o)
 .text          0x0000000000000000        0x0 c:/st/stm32cubeide_1.11.0/stm32cubeide/plugins/com.st.stm32cube.ide.mcu.externaltools.gnu-tools-for-stm32.10.3-2021.10.win32_1.0.100.202210260954/tools/bin/../lib/gcc/arm-none-eabi/10.3.1/thumb/v7e-m/nofp/crtend.o
 .data          0x0000000000000000        0x0 c:/st/stm32cubeide_1.11.0/stm32cubeide/plugins/com.st.stm32cube.ide.mcu.externaltools.gnu-tools-for-stm32.10.3-2021.10.win32_1.0.100.202210260954/tools/bin/../lib/gcc/arm-none-eabi/10.3.1/thumb/v7e-m/nofp/crtend.o
 .bss           0x0000000000000000        0x0 c:/st/stm32cubeide_1.11.0/stm32cubeide/plugins/com.st.stm32cube.ide.mcu.externaltools.gnu-tools-for-stm32.10.3-2021.10.win32_1.0.100.202210260954/tools/bin/../lib/gcc/arm-none-eabi/10.3.1/thumb/v7e-m/nofp/crtend.o
 .rodata        0x0000000000000000       0x24 c:/st/stm32cubeide_1.11.0/stm32cubeide/plugins/com.st.stm32cube.ide.mcu.externaltools.gnu-tools-for-stm32.10.3-2021.10.win32_1.0.100.202210260954/tools/bin/../lib/gcc/arm-none-eabi/10.3.1/thumb/v7e-m/nofp/crtend.o
 .eh_frame      0x0000000000000000        0x4 c:/st/stm32cubeide_1.11.0/stm32cubeide/plugins/com.st.stm32cube.ide.mcu.externaltools.gnu-tools-for-stm32.10.3-2021.10.win32_1.0.100.202210260954/tools/bin/../lib/gcc/arm-none-eabi/10.3.1/thumb/v7e-m/nofp/crtend.o
 .ARM.attributes
                0x0000000000000000       0x2e c:/st/stm32cubeide_1.11.0/stm32cubeide/plugins/com.st.stm32cube.ide.mcu.externaltools.gnu-tools-for-stm32.10.3-2021.10.win32_1.0.100.202210260954/tools/bin/../lib/gcc/arm-none-eabi/10.3.1/thumb/v7e-m/nofp/crtend.o
 .text          0x0000000000000000        0x0 c:/st/stm32cubeide_1.11.0/stm32cubeide/plugins/com.st.stm32cube.ide.mcu.externaltools.gnu-tools-for-stm32.10.3-2021.10.win32_1.0.100.202210260954/tools/bin/../lib/gcc/arm-none-eabi/10.3.1/thumb/v7e-m/nofp/crtn.o
 .data          0x0000000000000000        0x0 c:/st/stm32cubeide_1.11.0/stm32cubeide/plugins/com.st.stm32cube.ide.mcu.externaltools.gnu-tools-for-stm32.10.3-2021.10.win32_1.0.100.202210260954/tools/bin/../lib/gcc/arm-none-eabi/10.3.1/thumb/v7e-m/nofp/crtn.o
 .bss           0x0000000000000000        0x0 c:/st/stm32cubeide_1.11.0/stm32cubeide/plugins/com.st.stm32cube.ide.mcu.externaltools.gnu-tools-for-stm32.10.3-2021.10.win32_1.0.100.202210260954/tools/bin/../lib/gcc/arm-none-eabi/10.3.1/thumb/v7e-m/nofp/crtn.o

Memory Configuration

Name             Origin             Length             Attributes
RAM              0x0000000020000000 0x0000000000020000 xrw
ROM              0x0000000008000000 0x0000000000080000 xr
*default*        0x0000000000000000 0xffffffffffffffff

Linker script and memory map

LOAD c:/st/stm32cubeide_1.11.0/stm32cubeide/plugins/com.st.stm32cube.ide.mcu.externaltools.gnu-tools-for-stm32.10.3-2021.10.win32_1.0.100.202210260954/tools/bin/../lib/gcc/arm-none-eabi/10.3.1/thumb/v7e-m/nofp/crti.o
LOAD c:/st/stm32cubeide_1.11.0/stm32cubeide/plugins/com.st.stm32cube.ide.mcu.externaltools.gnu-tools-for-stm32.10.3-2021.10.win32_1.0.100.202210260954/tools/bin/../lib/gcc/arm-none-eabi/10.3.1/thumb/v7e-m/nofp/crtbegin.o
LOAD c:/st/stm32cubeide_1.11.0/stm32cubeide/plugins/com.st.stm32cube.ide.mcu.externaltools.gnu-tools-for-stm32.10.3-2021.10.win32_1.0.100.202210260954/tools/bin/../lib/gcc/arm-none-eabi/10.3.1/../../../../arm-none-eabi/lib/thumb/v7e-m/nofp/crt0.o
LOAD ./Drivers/Src/stm32f446xx_crc.o
LOAD ./Drivers/Src/stm32f446xx_gpio.o
LOAD ./Drivers/Src/stm32f446xx_interrp.o
LOAD ./Src/experimentCRC.o
LOAD ./Startup/startup_stm32f446retx.o
START GROUP
LOAD c:/st/stm32cubeide_1.11.0/stm32cubeide/plugins/com.st.stm32cube.ide.mcu.externaltools.gnu-tools-for-stm32.10.3-2021.10.win32_1.0.100.202210260954/tools/bin/../lib/gcc/arm-none-eabi/10.3.1/../../../../arm-none-eabi/lib/thumb/v7e-m/nofp\libc_nano.a
LOAD c:/st/stm32cubeide_1.11.0/stm32cubeide/plugins/com.st.stm32cube.ide.mcu.externaltools.gnu-tools-for-stm32.10.3-2021.10.win32_1.0.100.202210260954/tools/bin/../lib/gcc/arm-none-eabi/10.3.1/../../../../arm-none-eabi/lib/thumb/v7e-m/nofp\libm.a
END GROUP
START GROUP
LOAD c:/st/stm32cubeide_1.11.0/stm32cubeide/plugins/com.st.stm32cube.ide.mcu.externaltools.gnu-tools-for-stm32.10.3-2021.10.win32_1.0.100.202210260954/tools/bin/../lib/gcc/arm-none-eabi/10.3.1/thumb/v7e-m/nofp\libgcc.a
LOAD c:/st/stm32cubeide_1.11.0/stm32cubeide/plugins/com.st.stm32cube.ide.mcu.externaltools.gnu-tools-for-stm32.10.3-2021.10.win32_1.0.100.202210260954/tools/bin/../lib/gcc/arm-none-eabi/10.3.1/../../../../arm-none-eabi/lib/thumb/v7e-m/nofp\libc_nano.a
END GROUP
START GROUP
LOAD c:/st/stm32cubeide_1.11.0/stm32cubeide/plugins/com.st.stm32cube.ide.mcu.externaltools.gnu-tools-for-stm32.10.3-2021.10.win32_1.0.100.202210260954/tools/bin/../lib/gcc/arm-none-eabi/10.3.1/thumb/v7e-m/nofp\libgcc.a
LOAD c:/st/stm32cubeide_1.11.0/stm32cubeide/plugins/com.st.stm32cube.ide.mcu.externaltools.gnu-tools-for-stm32.10.3-2021.10.win32_1.0.100.202210260954/tools/bin/../lib/gcc/arm-none-eabi/10.3.1/../../../../arm-none-eabi/lib/thumb/v7e-m/nofp\libc_nano.a
LOAD c:/st/stm32cubeide_1.11.0/stm32cubeide/plugins/com.st.stm32cube.ide.mcu.externaltools.gnu-tools-for-stm32.10.3-2021.10.win32_1.0.100.202210260954/tools/bin/../lib/gcc/arm-none-eabi/10.3.1/../../../../arm-none-eabi/lib/thumb/v7e-m/nofp\libnosys.a
END GROUP
START GROUP
LOAD c:/st/stm32cubeide_1.11.0/stm32cubeide/plugins/com.st.stm32cube.ide.mcu.externaltools.gnu-tools-for-stm32.10.3-2021.10.win32_1.0.100.202210260954/tools/bin/../lib/gcc/arm-none-eabi/10.3.1/thumb/v7e-m/nofp\libgcc.a
LOAD c:/st/stm32cubeide_1.11.0/stm32cubeide/plugins/com.st.stm32cube.ide.mcu.externaltools.gnu-tools-for-stm32.10.3-2021.10.win32_1.0.100.202210260954/tools/bin/../lib/gcc/arm-none-eabi/10.3.1/../../../../arm-none-eabi/lib/thumb/v7e-m/nofp\libc_nano.a
LOAD c:/st/stm32cubeide_1.11.0/stm32cubeide/plugins/com.st.stm32cube.ide.mcu.externaltools.gnu-tools-for-stm32.10.3-2021.10.win32_1.0.100.202210260954/tools/bin/../lib/gcc/arm-none-eabi/10.3.1/../../../../arm-none-eabi/lib/thumb/v7e-m/nofp\libnosys.a
END GROUP
LOAD c:/st/stm32cubeide_1.11.0/stm32cubeide/plugins/com.st.stm32cube.ide.mcu.externaltools.gnu-tools-for-stm32.10.3-2021.10.win32_1.0.100.202210260954/tools/bin/../lib/gcc/arm-none-eabi/10.3.1/thumb/v7e-m/nofp/crtend.o
LOAD c:/st/stm32cubeide_1.11.0/stm32cubeide/plugins/com.st.stm32cube.ide.mcu.externaltools.gnu-tools-for-stm32.10.3-2021.10.win32_1.0.100.202210260954/tools/bin/../lib/gcc/arm-none-eabi/10.3.1/thumb/v7e-m/nofp/crtn.o
                0x0000000020020000                _estack = (ORIGIN (RAM) + LENGTH (RAM))
                0x0000000000000200                _Min_Heap_Size = 0x200
                0x0000000000000400                _Min_Stack_Size = 0x400

.isr_vector     0x0000000008000000      0x1c4
                0x0000000008000000                . = ALIGN (0x4)
 *(.isr_vector)
 .isr_vector    0x0000000008000000      0x1c4 ./Startup/startup_stm32f446retx.o
                0x0000000008000000                g_pfnVectors
                0x00000000080001c4                . = ALIGN (0x4)

.text           0x00000000080001c4      0x7a0
                0x00000000080001c4                . = ALIGN (0x4)
 *(.text)
 .text          0x00000000080001c4       0x40 c:/st/stm32cubeide_1.11.0/stm32cubeide/plugins/com.st.stm32cube.ide.mcu.externaltools.gnu-tools-for-stm32.10.3-2021.10.win32_1.0.100.202210260954/tools/bin/../lib/gcc/arm-none-eabi/10.3.1/thumb/v7e-m/nofp/crtbegin.o
 *(.text*)
 .text.GPIO_ClkCtrl
                0x0000000008000204      0x1a4 ./Drivers/Src/stm32f446xx_gpio.o
                0x0000000008000204                GPIO_ClkCtrl
 .text.GPIO_Init
                0x00000000080003a8      0x2e8 ./Drivers/Src/stm32f446xx_gpio.o
                0x00000000080003a8                GPIO_Init
 .text.GPIO_WritePin
                0x0000000008000690       0x4e ./Drivers/Src/stm32f446xx_gpio.o
                0x0000000008000690                GPIO_WritePin
 .text.GPIO_TogglePin
                0x00000000080006de       0x28 ./Drivers/Src/stm32f446xx_gpio.o
                0x00000000080006de                GPIO_TogglePin
 *fill*         0x0000000008000706        0x2 
 .text.GPIO_NVIC_IRQ_Enable
                0x0000000008000708       0x78 ./Drivers/Src/stm32f446xx_gpio.o
                0x0000000008000708                GPIO_NVIC_IRQ_Enable
 .text.GPIO_IRQHandler
                0x0000000008000780       0x40 ./Drivers/Src/stm32f446xx_gpio.o
                0x0000000008000780                GPIO_IRQHandler
 .text.delay    0x00000000080007c0       0x22 ./Src/experimentCRC.o
                0x00000000080007c0                delay
 *fill*         0x00000000080007e2        0x2 
 .text.EXTI15_10_IRQHandler
                0x00000000080007e4       0x18 ./Src/experimentCRC.o
                0x00000000080007e4                EXTI15_10_IRQHandler
 .text.GPIO_setup
                0x00000000080007fc       0x68 ./Src/experimentCRC.o
                0x00000000080007fc                GPIO_setup
 .text.main     0x0000000008000864       0x4c ./Src/experimentCRC.o
                0x0000000008000864                main
 .text.Reset_Handler
                0x00000000080008b0       0x50 ./Startup/startup_stm32f446retx.o
                0x00000000080008b0                Reset_Handler
 .text.Default_Handler
                0x0000000008000900        0x2 ./Startup/startup_stm32f446retx.o
                0x0000000008000900                RTC_Alarm_IRQHandler
                0x0000000008000900                EXTI2_IRQHandler
                0x0000000008000900                TIM8_CC_IRQHandler
                0x0000000008000900                SPDIF_Rx_IRQHandler
                0x0000000008000900                DebugMon_Handler
                0x0000000008000900                SPI4_IRQHandler
                0x0000000008000900                TIM1_CC_IRQHandler
                0x0000000008000900                QuadSPI_IRQHandler
                0x0000000008000900                DMA2_Stream5_IRQHandler
                0x0000000008000900                HardFault_Handler
                0x0000000008000900                DMA1_Stream5_IRQHandler
                0x0000000008000900                SysTick_Handler
                0x0000000008000900                PVD_IRQHandler
                0x0000000008000900                SDIO_IRQHandler
                0x0000000008000900                TAMP_STAMP_IRQHandler
                0x0000000008000900                PendSV_Handler
                0x0000000008000900                NMI_Handler
                0x0000000008000900                CAN2_RX1_IRQHandler
                0x0000000008000900                EXTI3_IRQHandler
                0x0000000008000900                TIM8_TRG_COM_TIM14_IRQHandler
                0x0000000008000900                TIM1_UP_TIM10_IRQHandler
                0x0000000008000900                FMPI2C1_error_IRQHandler
                0x0000000008000900                TIM8_UP_TIM13_IRQHandler
                0x0000000008000900                I2C3_ER_IRQHandler
                0x0000000008000900                EXTI0_IRQHandler
                0x0000000008000900                I2C2_EV_IRQHandler
                0x0000000008000900                DMA1_Stream2_IRQHandler
                0x0000000008000900                CAN1_RX0_IRQHandler
                0x0000000008000900                FPU_IRQHandler
                0x0000000008000900                OTG_HS_WKUP_IRQHandler
                0x0000000008000900                UsageFault_Handler
                0x0000000008000900                CAN2_SCE_IRQHandler
                0x0000000008000900                DMA2_Stream2_IRQHandler
                0x0000000008000900                SPI1_IRQHandler
                0x0000000008000900                TIM6_DAC_IRQHandler
                0x0000000008000900                TIM1_BRK_TIM9_IRQHandler
                0x0000000008000900                DCMI_IRQHandler
                0x0000000008000900                CAN2_RX0_IRQHandler
                0x0000000008000900                DMA2_Stream3_IRQHandler
                0x0000000008000900                FMPI2C1_IRQHandler
                0x0000000008000900                SAI2_IRQHandler
                0x0000000008000900                USART6_IRQHandler
                0x0000000008000900                USART3_IRQHandler
                0x0000000008000900                CAN1_RX1_IRQHandler
                0x0000000008000900                UART5_IRQHandler
                0x0000000008000900                DMA2_Stream0_IRQHandler
                0x0000000008000900                TIM4_IRQHandler
                0x0000000008000900                I2C1_EV_IRQHandler
                0x0000000008000900                HDMI_CEC_IRQHandler
                0x0000000008000900                DMA1_Stream6_IRQHandler
                0x0000000008000900                DMA1_Stream1_IRQHandler
                0x0000000008000900                UART4_IRQHandler
                0x0000000008000900                TIM3_IRQHandler
                0x0000000008000900                RCC_IRQHandler
                0x0000000008000900                TIM8_BRK_TIM12_IRQHandler
                0x0000000008000900                Default_Handler
                0x0000000008000900                ADC_IRQHandler
                0x0000000008000900                DMA1_Stream7_IRQHandler
                0x0000000008000900                TIM7_IRQHandler
                0x0000000008000900                CAN2_TX_IRQHandler
                0x0000000008000900                TIM5_IRQHandler
                0x0000000008000900                DMA2_Stream7_IRQHandler
                0x0000000008000900                I2C3_EV_IRQHandler
                0x0000000008000900                EXTI9_5_IRQHandler
                0x0000000008000900                RTC_WKUP_IRQHandler
                0x0000000008000900                SPI2_IRQHandler
                0x0000000008000900                OTG_HS_EP1_IN_IRQHandler
                0x0000000008000900                MemManage_Handler
                0x0000000008000900                DMA1_Stream0_IRQHandler
                0x0000000008000900                CAN1_TX_IRQHandler
                0x0000000008000900                SVC_Handler
                0x0000000008000900                EXTI4_IRQHandler
                0x0000000008000900                OTG_HS_EP1_OUT_IRQHandler
                0x0000000008000900                WWDG_IRQHandler
                0x0000000008000900                TIM2_IRQHandler
                0x0000000008000900                OTG_FS_WKUP_IRQHandler
                0x0000000008000900                TIM1_TRG_COM_TIM11_IRQHandler
                0x0000000008000900                OTG_HS_IRQHandler
                0x0000000008000900                EXTI1_IRQHandler
                0x0000000008000900                USART2_IRQHandler
                0x0000000008000900                I2C2_ER_IRQHandler
                0x0000000008000900                DMA2_Stream1_IRQHandler
                0x0000000008000900                CAN1_SCE_IRQHandler
                0x0000000008000900                FLASH_IRQHandler
                0x0000000008000900                DMA2_Stream4_IRQHandler
                0x0000000008000900                BusFault_Handler
                0x0000000008000900                USART1_IRQHandler
                0x0000000008000900                OTG_FS_IRQHandler
                0x0000000008000900                SPI3_IRQHandler
                0x0000000008000900                DMA1_Stream4_IRQHandler
                0x0000000008000900                I2C1_ER_IRQHandler
                0x0000000008000900                FMC_IRQHandler
                0x0000000008000900                DMA2_Stream6_IRQHandler
                0x0000000008000900                SAI1_IRQHandler
                0x0000000008000900                DMA1_Stream3_IRQHandler
 *fill*         0x0000000008000902        0x2 
 .text.__libc_init_array
                0x0000000008000904       0x48 c:/st/stm32cubeide_1.11.0/stm32cubeide/plugins/com.st.stm32cube.ide.mcu.externaltools.gnu-tools-for-stm32.10.3-2021.10.win32_1.0.100.202210260954/tools/bin/../lib/gcc/arm-none-eabi/10.3.1/../../../../arm-none-eabi/lib/thumb/v7e-m/nofp\libc_nano.a(lib_a-init.o)
                0x0000000008000904                __libc_init_array
 *(.glue_7)
 .glue_7        0x000000000800094c        0x0 linker stubs
 *(.glue_7t)
 .glue_7t       0x000000000800094c        0x0 linker stubs
 *(.eh_frame)
 .eh_frame      0x000000000800094c        0x0 c:/st/stm32cubeide_1.11.0/stm32cubeide/plugins/com.st.stm32cube.ide.mcu.externaltools.gnu-tools-for-stm32.10.3-2021.10.win32_1.0.100.202210260954/tools/bin/../lib/gcc/arm-none-eabi/10.3.1/thumb/v7e-m/nofp/crtbegin.o
 *(.init)
 .init          0x000000000800094c        0x4 c:/st/stm32cubeide_1.11.0/stm32cubeide/plugins/com.st.stm32cube.ide.mcu.externaltools.gnu-tools-for-stm32.10.3-2021.10.win32_1.0.100.202210260954/tools/bin/../lib/gcc/arm-none-eabi/10.3.1/thumb/v7e-m/nofp/crti.o
                0x000000000800094c                _init
 .init          0x0000000008000950        0x8 c:/st/stm32cubeide_1.11.0/stm32cubeide/plugins/com.st.stm32cube.ide.mcu.externaltools.gnu-tools-for-stm32.10.3-2021.10.win32_1.0.100.202210260954/tools/bin/../lib/gcc/arm-none-eabi/10.3.1/thumb/v7e-m/nofp/crtn.o
 *(.fini)
 .fini          0x0000000008000958        0x4 c:/st/stm32cubeide_1.11.0/stm32cubeide/plugins/com.st.stm32cube.ide.mcu.externaltools.gnu-tools-for-stm32.10.3-2021.10.win32_1.0.100.202210260954/tools/bin/../lib/gcc/arm-none-eabi/10.3.1/thumb/v7e-m/nofp/crti.o
                0x0000000008000958                _fini
 .fini          0x000000000800095c        0x8 c:/st/stm32cubeide_1.11.0/stm32cubeide/plugins/com.st.stm32cube.ide.mcu.externaltools.gnu-tools-for-stm32.10.3-2021.10.win32_1.0.100.202210260954/tools/bin/../lib/gcc/arm-none-eabi/10.3.1/thumb/v7e-m/nofp/crtn.o
                0x0000000008000964                . = ALIGN (0x4)
                0x0000000008000964                _etext = .

.vfp11_veneer   0x0000000008000964        0x0
 .vfp11_veneer  0x0000000008000964        0x0 linker stubs

.v4_bx          0x0000000008000964        0x0
 .v4_bx         0x0000000008000964        0x0 linker stubs

.iplt           0x0000000008000964        0x0
 .iplt          0x0000000008000964        0x0 c:/st/stm32cubeide_1.11.0/stm32cubeide/plugins/com.st.stm32cube.ide.mcu.externaltools.gnu-tools-for-stm32.10.3-2021.10.win32_1.0.100.202210260954/tools/bin/../lib/gcc/arm-none-eabi/10.3.1/thumb/v7e-m/nofp/crtbegin.o

.rel.dyn        0x0000000008000964        0x0
 .rel.iplt      0x0000000008000964        0x0 c:/st/stm32cubeide_1.11.0/stm32cubeide/plugins/com.st.stm32cube.ide.mcu.externaltools.gnu-tools-for-stm32.10.3-2021.10.win32_1.0.100.202210260954/tools/bin/../lib/gcc/arm-none-eabi/10.3.1/thumb/v7e-m/nofp/crtbegin.o

.rodata         0x0000000008000964        0x0
                0x0000000008000964                . = ALIGN (0x4)
 *(.rodata)
 *(.rodata*)
                0x0000000008000964                . = ALIGN (0x4)

.ARM.extab      0x0000000008000964        0x0
                0x0000000008000964                . = ALIGN (0x4)
 *(.ARM.extab* .gnu.linkonce.armextab.*)
                0x0000000008000964                . = ALIGN (0x4)

.ARM            0x0000000008000964        0x0
                0x0000000008000964                . = ALIGN (0x4)
                0x0000000008000964                __exidx_start = .
 *(.ARM.exidx*)
                0x0000000008000964                __exidx_end = .
                0x0000000008000964                . = ALIGN (0x4)

.preinit_array  0x0000000008000964        0x0
                0x0000000008000964                . = ALIGN (0x4)
                0x0000000008000964                PROVIDE (__preinit_array_start = .)
 *(.preinit_array*)
                0x0000000008000964                PROVIDE (__preinit_array_end = .)
                0x0000000008000964                . = ALIGN (0x4)

.init_array     0x0000000008000964        0x4
                0x0000000008000964                . = ALIGN (0x4)
                0x0000000008000964                PROVIDE (__init_array_start = .)
 *(SORT_BY_NAME(.init_array.*))
 *(.init_array*)
 .init_array    0x0000000008000964        0x4 c:/st/stm32cubeide_1.11.0/stm32cubeide/plugins/com.st.stm32cube.ide.mcu.externaltools.gnu-tools-for-stm32.10.3-2021.10.win32_1.0.100.202210260954/tools/bin/../lib/gcc/arm-none-eabi/10.3.1/thumb/v7e-m/nofp/crtbegin.o
                0x0000000008000968                PROVIDE (__init_array_end = .)
                0x0000000008000968                . = ALIGN (0x4)

.fini_array     0x0000000008000968        0x4
                0x0000000008000968                . = ALIGN (0x4)
                [!provide]                        PROVIDE (__fini_array_start = .)
 *(SORT_BY_NAME(.fini_array.*))
 *(.fini_array*)
 .fini_array    0x0000000008000968        0x4 c:/st/stm32cubeide_1.11.0/stm32cubeide/plugins/com.st.stm32cube.ide.mcu.externaltools.gnu-tools-for-stm32.10.3-2021.10.win32_1.0.100.202210260954/tools/bin/../lib/gcc/arm-none-eabi/10.3.1/thumb/v7e-m/nofp/crtbegin.o
                [!provide]                        PROVIDE (__fini_array_end = .)
                0x000000000800096c                . = ALIGN (0x4)
                0x000000000800096c                _sidata = LOADADDR (.data)

.data           0x0000000020000000        0x0 load address 0x000000000800096c
                0x0000000020000000                . = ALIGN (0x4)
                0x0000000020000000                _sdata = .
 *(.data)
 *(.data*)
                0x0000000020000000                . = ALIGN (0x4)
                0x0000000020000000                _edata = .

.igot.plt       0x0000000020000000        0x0 load address 0x000000000800096c
 .igot.plt      0x0000000020000000        0x0 c:/st/stm32cubeide_1.11.0/stm32cubeide/plugins/com.st.stm32cube.ide.mcu.externaltools.gnu-tools-for-stm32.10.3-2021.10.win32_1.0.100.202210260954/tools/bin/../lib/gcc/arm-none-eabi/10.3.1/thumb/v7e-m/nofp/crtbegin.o
                0x0000000020000000                . = ALIGN (0x4)

.bss            0x0000000020000000       0x38 load address 0x000000000800096c
                0x0000000020000000                _sbss = .
                0x0000000020000000                __bss_start__ = _sbss
 *(.bss)
 .bss           0x0000000020000000       0x1c c:/st/stm32cubeide_1.11.0/stm32cubeide/plugins/com.st.stm32cube.ide.mcu.externaltools.gnu-tools-for-stm32.10.3-2021.10.win32_1.0.100.202210260954/tools/bin/../lib/gcc/arm-none-eabi/10.3.1/thumb/v7e-m/nofp/crtbegin.o
 *(.bss*)
 .bss.LED       0x000000002000001c        0xc ./Src/experimentCRC.o
                0x000000002000001c                LED
 .bss.Button    0x0000000020000028        0xc ./Src/experimentCRC.o
                0x0000000020000028                Button
 .bss.button_pressed_f
                0x0000000020000034        0x1 ./Src/experimentCRC.o
                0x0000000020000034                button_pressed_f
 *(COMMON)
                0x0000000020000038                . = ALIGN (0x4)
 *fill*         0x0000000020000035        0x3 
                0x0000000020000038                _ebss = .
                0x0000000020000038                __bss_end__ = _ebss

._user_heap_stack
                0x0000000020000038      0x600 load address 0x000000000800096c
                0x0000000020000038                . = ALIGN (0x8)
                [!provide]                        PROVIDE (end = .)
                [!provide]                        PROVIDE (_end = .)
                0x0000000020000238                . = (. + _Min_Heap_Size)
 *fill*         0x0000000020000038      0x200 
                0x0000000020000638                . = (. + _Min_Stack_Size)
 *fill*         0x0000000020000238      0x400 
                0x0000000020000638                . = ALIGN (0x8)

/DISCARD/
 libc.a(*)
 libm.a(*)
 libgcc.a(*)

.ARM.attributes
                0x0000000000000000       0x2a
 *(.ARM.attributes)
 .ARM.attributes
                0x0000000000000000       0x1e c:/st/stm32cubeide_1.11.0/stm32cubeide/plugins/com.st.stm32cube.ide.mcu.externaltools.gnu-tools-for-stm32.10.3-2021.10.win32_1.0.100.202210260954/tools/bin/../lib/gcc/arm-none-eabi/10.3.1/thumb/v7e-m/nofp/crti.o
 .ARM.attributes
                0x000000000000001e       0x2e c:/st/stm32cubeide_1.11.0/stm32cubeide/plugins/com.st.stm32cube.ide.mcu.externaltools.gnu-tools-for-stm32.10.3-2021.10.win32_1.0.100.202210260954/tools/bin/../lib/gcc/arm-none-eabi/10.3.1/thumb/v7e-m/nofp/crtbegin.o
 .ARM.attributes
                0x000000000000004c       0x2e ./Drivers/Src/stm32f446xx_gpio.o
 .ARM.attributes
                0x000000000000007a       0x2e ./Src/experimentCRC.o
 .ARM.attributes
                0x00000000000000a8       0x21 ./Startup/startup_stm32f446retx.o
 .ARM.attributes
                0x00000000000000c9       0x2e c:/st/stm32cubeide_1.11.0/stm32cubeide/plugins/com.st.stm32cube.ide.mcu.externaltools.gnu-tools-for-stm32.10.3-2021.10.win32_1.0.100.202210260954/tools/bin/../lib/gcc/arm-none-eabi/10.3.1/../../../../arm-none-eabi/lib/thumb/v7e-m/nofp\libc_nano.a(lib_a-init.o)
 .ARM.attributes
                0x00000000000000f7       0x1e c:/st/stm32cubeide_1.11.0/stm32cubeide/plugins/com.st.stm32cube.ide.mcu.externaltools.gnu-tools-for-stm32.10.3-2021.10.win32_1.0.100.202210260954/tools/bin/../lib/gcc/arm-none-eabi/10.3.1/thumb/v7e-m/nofp/crtn.o
OUTPUT(stm32f446xx_drivers_CURSO_FW1.elf elf32-littlearm)
LOAD linker stubs
LOAD c:/st/stm32cubeide_1.11.0/stm32cubeide/plugins/com.st.stm32cube.ide.mcu.externaltools.gnu-tools-for-stm32.10.3-2021.10.win32_1.0.100.202210260954/tools/bin/../lib/gcc/arm-none-eabi/10.3.1/../../../../arm-none-eabi/lib/thumb/v7e-m/nofp\libc.a
LOAD c:/st/stm32cubeide_1.11.0/stm32cubeide/plugins/com.st.stm32cube.ide.mcu.externaltools.gnu-tools-for-stm32.10.3-2021.10.win32_1.0.100.202210260954/tools/bin/../lib/gcc/arm-none-eabi/10.3.1/../../../../arm-none-eabi/lib/thumb/v7e-m/nofp\libm.a
LOAD c:/st/stm32cubeide_1.11.0/stm32cubeide/plugins/com.st.stm32cube.ide.mcu.externaltools.gnu-tools-for-stm32.10.3-2021.10.win32_1.0.100.202210260954/tools/bin/../lib/gcc/arm-none-eabi/10.3.1/thumb/v7e-m/nofp\libgcc.a

.debug_info     0x0000000000000000      0xdd3
 .debug_info    0x0000000000000000      0x90f ./Drivers/Src/stm32f446xx_gpio.o
 .debug_info    0x000000000000090f      0x4a2 ./Src/experimentCRC.o
 .debug_info    0x0000000000000db1       0x22 ./Startup/startup_stm32f446retx.o

.debug_abbrev   0x0000000000000000      0x2c2
 .debug_abbrev  0x0000000000000000      0x162 ./Drivers/Src/stm32f446xx_gpio.o
 .debug_abbrev  0x0000000000000162      0x14e ./Src/experimentCRC.o
 .debug_abbrev  0x00000000000002b0       0x12 ./Startup/startup_stm32f446retx.o

.debug_aranges  0x0000000000000000       0xd8
 .debug_aranges
                0x0000000000000000       0x78 ./Drivers/Src/stm32f446xx_gpio.o
 .debug_aranges
                0x0000000000000078       0x38 ./Src/experimentCRC.o
 .debug_aranges
                0x00000000000000b0       0x28 ./Startup/startup_stm32f446retx.o

.debug_ranges   0x0000000000000000       0xb0
 .debug_ranges  0x0000000000000000       0x68 ./Drivers/Src/stm32f446xx_gpio.o
 .debug_ranges  0x0000000000000068       0x28 ./Src/experimentCRC.o
 .debug_ranges  0x0000000000000090       0x20 ./Startup/startup_stm32f446retx.o

.debug_macro    0x0000000000000000      0x12d
 .debug_macro   0x0000000000000000       0x7c ./Drivers/Src/stm32f446xx_gpio.o
 .debug_macro   0x000000000000007c       0x89 ./Src/experimentCRC.o
 .debug_macro   0x0000000000000105       0x28 ./Src/experimentCRC.o

.debug_line     0x0000000000000000      0xde7
 .debug_line    0x0000000000000000      0x8c5 ./Drivers/Src/stm32f446xx_gpio.o
 .debug_line    0x00000000000008c5      0x49e ./Src/experimentCRC.o
 .debug_line    0x0000000000000d63       0x84 ./Startup/startup_stm32f446retx.o

.debug_str      0x0000000000000000     0x684c
 .debug_str     0x0000000000000000     0x6732 ./Drivers/Src/stm32f446xx_gpio.o
                                       0x68ac (size before relaxing)
 .debug_str     0x0000000000006732       0xe9 ./Src/experimentCRC.o
                                       0x679e (size before relaxing)
 .debug_str     0x000000000000681b       0x31 ./Startup/startup_stm32f446retx.o
                                         0x82 (size before relaxing)

.comment        0x0000000000000000       0x50
 .comment       0x0000000000000000       0x50 ./Drivers/Src/stm32f446xx_gpio.o
                                         0x51 (size before relaxing)
 .comment       0x0000000000000050       0x51 ./Src/experimentCRC.o

.debug_frame    0x0000000000000000      0x2a8
 .debug_frame   0x0000000000000000      0x1f0 ./Drivers/Src/stm32f446xx_gpio.o
 .debug_frame   0x00000000000001f0       0x8c ./Src/experimentCRC.o
 .debug_frame   0x000000000000027c       0x2c c:/st/stm32cubeide_1.11.0/stm32cubeide/plugins/com.st.stm32cube.ide.mcu.externaltools.gnu-tools-for-stm32.10.3-2021.10.win32_1.0.100.202210260954/tools/bin/../lib/gcc/arm-none-eabi/10.3.1/../../../../arm-none-eabi/lib/thumb/v7e-m/nofp\libc_nano.a(lib_a-init.o)
